// Jest Snapshot v1, https://goo.gl/fbAQLP

exports[`<FixedSizeDrawer/> renders correctly when closed 1`] = `
initialize {
  "0": Object {
    "attribs": Object {
      "class": "FixedSizeDrawerImpl-root-1",
    },
    "children": Array [
      Object {
        "attribs": Object {
          "class": "FixedSizeDrawerImpl-otherContent-2",
        },
        "children": Array [
          Object {
            "attribs": Object {},
            "children": Array [
              Object {
                "data": "Other content. Some text goes here.",
                "next": null,
                "parent": [Circular],
                "prev": null,
                "type": "text",
              },
            ],
            "name": "div",
            "namespace": "http://www.w3.org/1999/xhtml",
            "next": null,
            "parent": [Circular],
            "prev": null,
            "type": "tag",
            "x-attribsNamespace": Object {},
            "x-attribsPrefix": Object {},
          },
        ],
        "name": "div",
        "namespace": "http://www.w3.org/1999/xhtml",
        "next": Object {
          "attribs": Object {
            "class": "MuiDrawer-root MuiDrawer-docked FixedSizeDrawerImpl-dockedHorizontal-6",
            "style": "width:50px",
          },
          "children": Array [
            Object {
              "attribs": Object {
                "class": "MuiPaper-root MuiDrawer-paper FixedSizeDrawerImpl-drawerPaper-4 MuiDrawer-paperAnchorLeft MuiDrawer-paperAnchorDockedLeft MuiPaper-elevation0",
                "style": "visibility:hidden",
              },
              "children": Array [
                Object {
                  "attribs": Object {
                    "class": "FixedSizeDrawerImpl-drawerContents-3",
                    "style": "width:50px",
                  },
                  "children": Array [
                    Object {
                      "attribs": Object {},
                      "children": Array [
                        Object {
                          "data": "Drawer contents",
                          "next": null,
                          "parent": [Circular],
                          "prev": null,
                          "type": "text",
                        },
                      ],
                      "name": "div",
                      "namespace": "http://www.w3.org/1999/xhtml",
                      "next": null,
                      "parent": [Circular],
                      "prev": null,
                      "type": "tag",
                      "x-attribsNamespace": Object {},
                      "x-attribsPrefix": Object {},
                    },
                  ],
                  "name": "div",
                  "namespace": "http://www.w3.org/1999/xhtml",
                  "next": null,
                  "parent": [Circular],
                  "prev": null,
                  "type": "tag",
                  "x-attribsNamespace": Object {
                    "class": undefined,
                    "style": undefined,
                  },
                  "x-attribsPrefix": Object {
                    "class": undefined,
                    "style": undefined,
                  },
                },
              ],
              "name": "div",
              "namespace": "http://www.w3.org/1999/xhtml",
              "next": null,
              "parent": [Circular],
              "prev": null,
              "type": "tag",
              "x-attribsNamespace": Object {
                "class": undefined,
                "style": undefined,
              },
              "x-attribsPrefix": Object {
                "class": undefined,
                "style": undefined,
              },
            },
          ],
          "name": "div",
          "namespace": "http://www.w3.org/1999/xhtml",
          "next": null,
          "parent": [Circular],
          "prev": [Circular],
          "type": "tag",
          "x-attribsNamespace": Object {
            "class": undefined,
            "style": undefined,
          },
          "x-attribsPrefix": Object {
            "class": undefined,
            "style": undefined,
          },
        },
        "parent": [Circular],
        "prev": null,
        "type": "tag",
        "x-attribsNamespace": Object {
          "class": undefined,
        },
        "x-attribsPrefix": Object {
          "class": undefined,
        },
      },
      Object {
        "attribs": Object {
          "class": "MuiDrawer-root MuiDrawer-docked FixedSizeDrawerImpl-dockedHorizontal-6",
          "style": "width:50px",
        },
        "children": Array [
          Object {
            "attribs": Object {
              "class": "MuiPaper-root MuiDrawer-paper FixedSizeDrawerImpl-drawerPaper-4 MuiDrawer-paperAnchorLeft MuiDrawer-paperAnchorDockedLeft MuiPaper-elevation0",
              "style": "visibility:hidden",
            },
            "children": Array [
              Object {
                "attribs": Object {
                  "class": "FixedSizeDrawerImpl-drawerContents-3",
                  "style": "width:50px",
                },
                "children": Array [
                  Object {
                    "attribs": Object {},
                    "children": Array [
                      Object {
                        "data": "Drawer contents",
                        "next": null,
                        "parent": [Circular],
                        "prev": null,
                        "type": "text",
                      },
                    ],
                    "name": "div",
                    "namespace": "http://www.w3.org/1999/xhtml",
                    "next": null,
                    "parent": [Circular],
                    "prev": null,
                    "type": "tag",
                    "x-attribsNamespace": Object {},
                    "x-attribsPrefix": Object {},
                  },
                ],
                "name": "div",
                "namespace": "http://www.w3.org/1999/xhtml",
                "next": null,
                "parent": [Circular],
                "prev": null,
                "type": "tag",
                "x-attribsNamespace": Object {
                  "class": undefined,
                  "style": undefined,
                },
                "x-attribsPrefix": Object {
                  "class": undefined,
                  "style": undefined,
                },
              },
            ],
            "name": "div",
            "namespace": "http://www.w3.org/1999/xhtml",
            "next": null,
            "parent": [Circular],
            "prev": null,
            "type": "tag",
            "x-attribsNamespace": Object {
              "class": undefined,
              "style": undefined,
            },
            "x-attribsPrefix": Object {
              "class": undefined,
              "style": undefined,
            },
          },
        ],
        "name": "div",
        "namespace": "http://www.w3.org/1999/xhtml",
        "next": null,
        "parent": [Circular],
        "prev": Object {
          "attribs": Object {
            "class": "FixedSizeDrawerImpl-otherContent-2",
          },
          "children": Array [
            Object {
              "attribs": Object {},
              "children": Array [
                Object {
                  "data": "Other content. Some text goes here.",
                  "next": null,
                  "parent": [Circular],
                  "prev": null,
                  "type": "text",
                },
              ],
              "name": "div",
              "namespace": "http://www.w3.org/1999/xhtml",
              "next": null,
              "parent": [Circular],
              "prev": null,
              "type": "tag",
              "x-attribsNamespace": Object {},
              "x-attribsPrefix": Object {},
            },
          ],
          "name": "div",
          "namespace": "http://www.w3.org/1999/xhtml",
          "next": [Circular],
          "parent": [Circular],
          "prev": null,
          "type": "tag",
          "x-attribsNamespace": Object {
            "class": undefined,
          },
          "x-attribsPrefix": Object {
            "class": undefined,
          },
        },
        "type": "tag",
        "x-attribsNamespace": Object {
          "class": undefined,
          "style": undefined,
        },
        "x-attribsPrefix": Object {
          "class": undefined,
          "style": undefined,
        },
      },
    ],
    "name": "div",
    "namespace": "http://www.w3.org/1999/xhtml",
    "next": null,
    "parent": null,
    "prev": null,
    "root": Object {
      "attribs": Object {},
      "children": Array [
        [Circular],
      ],
      "name": "root",
      "namespace": "http://www.w3.org/1999/xhtml",
      "next": null,
      "parent": null,
      "prev": null,
      "type": "root",
      "x-attribsNamespace": Object {},
      "x-attribsPrefix": Object {},
    },
    "type": "tag",
    "x-attribsNamespace": Object {
      "class": undefined,
    },
    "x-attribsPrefix": Object {
      "class": undefined,
    },
  },
  "_root": [Circular],
  "length": 1,
  "options": Object {
    "decodeEntities": true,
    "normalizeWhitespace": false,
    "withDomLvl1": true,
    "xml": false,
  },
}
`;
