// Jest Snapshot v1, https://goo.gl/fbAQLP

exports[`<VersionInfo/> renders correctly 1`] = `
<div>
  <div
    class="VersionInfoImpl-root-1"
  >
    testing 123
  </div>
</div>
`;
